
*** Running vivado
    with args -log DarkEnhance_DarkEnhance_0_6.vds -m64 -product Vivado -mode batch -messageDb vivado.pb -notrace -source DarkEnhance_DarkEnhance_0_6.tcl



****** Vivado v2024.2 (64-bit)
  **** SW Build 5239630 on Fri Nov 08 22:35:27 MST 2024
  **** IP Build 5239520 on Sun Nov 10 16:12:51 MST 2024
  **** SharedData Build 5239561 on Fri Nov 08 14:39:27 MST 2024
  **** Start of session at: Thu Nov 27 21:18:59 2025
    ** Copyright 1986-2022 Xilinx, Inc. All Rights Reserved.
    ** Copyright 2022-2024 Advanced Micro Devices, Inc. All Rights Reserved.

source DarkEnhance_DarkEnhance_0_6.tcl -notrace
INFO: [IP_Flow 19-234] Refreshing IP repositories
INFO: [IP_Flow 19-1700] Loaded user IP repository 'c:/Users/wick9/AppData/Roaming/Xilinx/ip_repo'.
INFO: [IP_Flow 19-2313] Loaded Vivado IP repository 'E:/software/AMD/Vivado/Vivado/2024.2/data/ip'.
WARNING: [IP_Flow 19-4995] The host OS only allows 260 characters in a normal path. The IP cache path is more than 80 characters. If you experience issues with IP caching, please consider changing the IP cache to a location with a shorter path. Alternately consider using the OS subst command to map part of the path to a drive letter. 
Current IP cache path is e:/work/verilog/Project/verilog/Vivado/DarkEnHance/DarkEnhance/DarkEnhance.cache/ip 
INFO: [IP_Flow 19-6924] IPCACHE: Running cache check for IP inst: DarkEnhance_DarkEnhance_0_6
Command: synth_design -top DarkEnhance_DarkEnhance_0_6 -part xc7z020clg400-1 -incremental_mode off -mode out_of_context
Starting synth_design
Attempting to get a license for feature 'Synthesis' and/or device 'xc7z020'
INFO: [Common 17-349] Got license for feature 'Synthesis' and/or device 'xc7z020'
INFO: [Device 21-403] Loading part xc7z020clg400-1
INFO: [Synth 8-7079] Multithreading enabled for synth_design using a maximum of 2 processes.
INFO: [Synth 8-7078] Launching helper process for spawning children vivado processes
INFO: [Synth 8-7075] Helper process launched with PID 17548
---------------------------------------------------------------------------------
Starting RTL Elaboration : Time (s): cpu = 00:00:06 ; elapsed = 00:00:07 . Memory (MB): peak = 1095.984 ; gain = 466.781
---------------------------------------------------------------------------------
INFO: [Synth 8-6157] synthesizing module 'DarkEnhance_DarkEnhance_0_6' [e:/work/verilog/Project/verilog/Vivado/DarkEnHance/DarkEnhance/DarkEnhance.gen/sources_1/bd/DarkEnhance/ip/DarkEnhance_DarkEnhance_0_6/synth/DarkEnhance_DarkEnhance_0_6.v:53]
INFO: [Synth 8-6157] synthesizing module 'top_pipeline' [e:/work/verilog/Project/verilog/Vivado/DarkEnHance/DarkEnhance/DarkEnhance.gen/sources_1/bd/DarkEnhance/ipshared/b667/src/top_pipeline.v:7]
INFO: [Synth 8-6157] synthesizing module 'FIFO' [e:/work/verilog/Project/verilog/Vivado/DarkEnHance/DarkEnhance/DarkEnhance.gen/sources_1/bd/DarkEnhance/ipshared/b667/src/FIFO.v:1]
INFO: [Synth 8-6157] synthesizing module 'MEMORY' [e:/work/verilog/Project/verilog/Vivado/DarkEnHance/DarkEnhance/DarkEnhance.gen/sources_1/bd/DarkEnhance/ipshared/b667/src/FIFO.v:106]
INFO: [Synth 8-6155] done synthesizing module 'MEMORY' (0#1) [e:/work/verilog/Project/verilog/Vivado/DarkEnHance/DarkEnhance/DarkEnhance.gen/sources_1/bd/DarkEnhance/ipshared/b667/src/FIFO.v:106]
INFO: [Synth 8-6155] done synthesizing module 'FIFO' (0#1) [e:/work/verilog/Project/verilog/Vivado/DarkEnHance/DarkEnhance/DarkEnhance.gen/sources_1/bd/DarkEnhance/ipshared/b667/src/FIFO.v:1]
INFO: [Synth 8-6157] synthesizing module 'addr_memory' [e:/work/verilog/Project/verilog/Vivado/DarkEnHance/DarkEnhance/DarkEnhance.gen/sources_1/bd/DarkEnhance/ipshared/b667/src/addr_memory.v:1]
INFO: [Synth 8-6155] done synthesizing module 'addr_memory' (0#1) [e:/work/verilog/Project/verilog/Vivado/DarkEnHance/DarkEnhance/DarkEnhance.gen/sources_1/bd/DarkEnhance/ipshared/b667/src/addr_memory.v:1]
INFO: [Synth 8-6157] synthesizing module 'find_max' [e:/work/verilog/Project/verilog/Vivado/DarkEnHance/DarkEnhance/DarkEnhance.gen/sources_1/bd/DarkEnhance/ipshared/b667/src/find_max.v:1]
INFO: [Synth 8-6155] done synthesizing module 'find_max' (0#1) [e:/work/verilog/Project/verilog/Vivado/DarkEnHance/DarkEnhance/DarkEnhance.gen/sources_1/bd/DarkEnhance/ipshared/b667/src/find_max.v:1]
INFO: [Synth 8-226] default block is never used [e:/work/verilog/Project/verilog/Vivado/DarkEnHance/DarkEnhance/DarkEnhance.gen/sources_1/bd/DarkEnhance/ipshared/b667/src/top_pipeline.v:288]
INFO: [Synth 8-6155] done synthesizing module 'top_pipeline' (0#1) [e:/work/verilog/Project/verilog/Vivado/DarkEnHance/DarkEnhance/DarkEnhance.gen/sources_1/bd/DarkEnhance/ipshared/b667/src/top_pipeline.v:7]
INFO: [Synth 8-6155] done synthesizing module 'DarkEnhance_DarkEnhance_0_6' (0#1) [e:/work/verilog/Project/verilog/Vivado/DarkEnHance/DarkEnhance/DarkEnhance.gen/sources_1/bd/DarkEnhance/ip/DarkEnhance_DarkEnhance_0_6/synth/DarkEnhance_DarkEnhance_0_6.v:53]
WARNING: [Synth 8-6014] Unused sequential element pixel_out_reg was removed.  [e:/work/verilog/Project/verilog/Vivado/DarkEnHance/DarkEnhance/DarkEnhance.gen/sources_1/bd/DarkEnhance/ipshared/b667/src/FIFO.v:92]
WARNING: [Synth 8-7129] Port data_in[31] in module top_pipeline is either unconnected or has no load
WARNING: [Synth 8-7129] Port data_in[30] in module top_pipeline is either unconnected or has no load
WARNING: [Synth 8-7129] Port data_in[29] in module top_pipeline is either unconnected or has no load
WARNING: [Synth 8-7129] Port data_in[28] in module top_pipeline is either unconnected or has no load
WARNING: [Synth 8-7129] Port data_in[27] in module top_pipeline is either unconnected or has no load
WARNING: [Synth 8-7129] Port data_in[26] in module top_pipeline is either unconnected or has no load
WARNING: [Synth 8-7129] Port data_in[25] in module top_pipeline is either unconnected or has no load
WARNING: [Synth 8-7129] Port data_in[24] in module top_pipeline is either unconnected or has no load
WARNING: [Synth 8-7129] Port transition_end in module top_pipeline is either unconnected or has no load
---------------------------------------------------------------------------------
Finished RTL Elaboration : Time (s): cpu = 00:00:07 ; elapsed = 00:00:09 . Memory (MB): peak = 1212.383 ; gain = 583.180
---------------------------------------------------------------------------------
---------------------------------------------------------------------------------
Start Handling Custom Attributes
---------------------------------------------------------------------------------
---------------------------------------------------------------------------------
Finished Handling Custom Attributes : Time (s): cpu = 00:00:07 ; elapsed = 00:00:09 . Memory (MB): peak = 1212.383 ; gain = 583.180
---------------------------------------------------------------------------------
---------------------------------------------------------------------------------
Finished RTL Optimization Phase 1 : Time (s): cpu = 00:00:07 ; elapsed = 00:00:09 . Memory (MB): peak = 1212.383 ; gain = 583.180
---------------------------------------------------------------------------------
Netlist sorting complete. Time (s): cpu = 00:00:00 ; elapsed = 00:00:00.011 . Memory (MB): peak = 1212.383 ; gain = 0.000
INFO: [Project 1-570] Preparing netlist for logic optimization

Processing XDC Constraints
Initializing timing engine
Completed Processing XDC Constraints

Netlist sorting complete. Time (s): cpu = 00:00:00 ; elapsed = 00:00:00 . Memory (MB): peak = 1300.879 ; gain = 0.000
INFO: [Project 1-111] Unisim Transformation Summary:
No Unisim elements were transformed.

Constraint Validation Runtime : Time (s): cpu = 00:00:00 ; elapsed = 00:00:00.058 . Memory (MB): peak = 1300.934 ; gain = 0.055
INFO: [Designutils 20-5008] Incremental synthesis strategy off
---------------------------------------------------------------------------------
Finished Constraint Validation : Time (s): cpu = 00:00:15 ; elapsed = 00:00:17 . Memory (MB): peak = 1300.934 ; gain = 671.730
---------------------------------------------------------------------------------
---------------------------------------------------------------------------------
Start Loading Part and Timing Information
---------------------------------------------------------------------------------
Loading part: xc7z020clg400-1
---------------------------------------------------------------------------------
Finished Loading Part and Timing Information : Time (s): cpu = 00:00:15 ; elapsed = 00:00:17 . Memory (MB): peak = 1300.934 ; gain = 671.730
---------------------------------------------------------------------------------
---------------------------------------------------------------------------------
Start Applying 'set_property' XDC Constraints
---------------------------------------------------------------------------------
---------------------------------------------------------------------------------
Finished applying 'set_property' XDC Constraints : Time (s): cpu = 00:00:15 ; elapsed = 00:00:17 . Memory (MB): peak = 1300.934 ; gain = 671.730
---------------------------------------------------------------------------------
INFO: [Synth 8-802] inferred FSM for state register 'now_state_reg' in module 'top_pipeline'
---------------------------------------------------------------------------------------------------
                   State |                     New Encoding |                Previous Encoding 
---------------------------------------------------------------------------------------------------
                    IDLE |                                0 |                             0000
                 process |                                1 |                             0001
---------------------------------------------------------------------------------------------------
INFO: [Synth 8-3354] encoded FSM with state register 'now_state_reg' using encoding 'sequential' in module 'top_pipeline'
---------------------------------------------------------------------------------
Finished RTL Optimization Phase 2 : Time (s): cpu = 00:00:16 ; elapsed = 00:00:18 . Memory (MB): peak = 1300.934 ; gain = 671.730
---------------------------------------------------------------------------------
---------------------------------------------------------------------------------
Start RTL Component Statistics 
---------------------------------------------------------------------------------
Detailed RTL Component Info : 
+---Adders : 
	   2 Input   11 Bit       Adders := 3     
	   2 Input   10 Bit       Adders := 8     
	   2 Input    9 Bit       Adders := 12    
+---Registers : 
	               32 Bit    Registers := 1     
	               11 Bit    Registers := 3     
	               10 Bit    Registers := 10    
	                9 Bit    Registers := 12    
	                8 Bit    Registers := 51    
	                1 Bit    Registers := 3     
+---RAMs : 
	              11K Bit	(1027 X 11 bit)          RAMs := 2     
	               3K Bit	(509 X 8 bit)          RAMs := 6     
+---Muxes : 
	   2 Input    8 Bit        Muxes := 39    
	   2 Input    4 Bit        Muxes := 1     
	   2 Input    1 Bit        Muxes := 12    
---------------------------------------------------------------------------------
Finished RTL Component Statistics 
---------------------------------------------------------------------------------
---------------------------------------------------------------------------------
Start Part Resource Summary
---------------------------------------------------------------------------------
Part Resources:
DSPs: 220 (col length:60)
BRAMs: 280 (col length: RAMB18 60 RAMB36 30)
---------------------------------------------------------------------------------
Finished Part Resource Summary
---------------------------------------------------------------------------------
---------------------------------------------------------------------------------
Start Cross Boundary and Area Optimization
---------------------------------------------------------------------------------
WARNING: [Synth 8-7080] Parallel synthesis criteria is not met
DSP Report: Generating DSP mul_B_reg, operation Mode is: (A2*B'')'.
DSP Report: register B_pixel_FIFO_reg[1] is absorbed into DSP mul_B_reg.
DSP Report: register B_pixel_FIFO_reg[2] is absorbed into DSP mul_B_reg.
DSP Report: register t_ans_reg is absorbed into DSP mul_B_reg.
DSP Report: register mul_B_reg is absorbed into DSP mul_B_reg.
DSP Report: operator mul_B0 is absorbed into DSP mul_B_reg.
DSP Report: Generating DSP mul_G_reg, operation Mode is: (A2*B'')'.
DSP Report: register G_pixel_FIFO_reg[1] is absorbed into DSP mul_G_reg.
DSP Report: register G_pixel_FIFO_reg[2] is absorbed into DSP mul_G_reg.
DSP Report: register t_ans_reg is absorbed into DSP mul_G_reg.
DSP Report: register mul_G_reg is absorbed into DSP mul_G_reg.
DSP Report: operator mul_G0 is absorbed into DSP mul_G_reg.
DSP Report: Generating DSP mul_R_reg, operation Mode is: (A2*B'')'.
DSP Report: register R_pixel_FIFO_reg[1] is absorbed into DSP mul_R_reg.
DSP Report: register R_pixel_FIFO_reg[2] is absorbed into DSP mul_R_reg.
DSP Report: register t_ans_reg is absorbed into DSP mul_R_reg.
DSP Report: register mul_R_reg is absorbed into DSP mul_R_reg.
DSP Report: operator mul_R0 is absorbed into DSP mul_R_reg.
WARNING: [Synth 8-7129] Port data_in[31] in module top_pipeline is either unconnected or has no load
WARNING: [Synth 8-7129] Port data_in[30] in module top_pipeline is either unconnected or has no load
WARNING: [Synth 8-7129] Port data_in[29] in module top_pipeline is either unconnected or has no load
WARNING: [Synth 8-7129] Port data_in[28] in module top_pipeline is either unconnected or has no load
WARNING: [Synth 8-7129] Port data_in[27] in module top_pipeline is either unconnected or has no load
WARNING: [Synth 8-7129] Port data_in[26] in module top_pipeline is either unconnected or has no load
WARNING: [Synth 8-7129] Port data_in[25] in module top_pipeline is either unconnected or has no load
WARNING: [Synth 8-7129] Port data_in[24] in module top_pipeline is either unconnected or has no load
WARNING: [Synth 8-7129] Port transition_end in module top_pipeline is either unconnected or has no load
WARNING: [Synth 8-3936] Found unconnected internal register 'inst/addr_memX/data_out_reg' and it is trimmed from '11' to '10' bits. [e:/work/verilog/Project/verilog/Vivado/DarkEnHance/DarkEnhance/DarkEnhance.gen/sources_1/bd/DarkEnhance/ipshared/b667/src/addr_memory.v:33]
INFO: [Synth 8-5784] Optimized 0 bits of RAM "inst/addr_memX/mem_array_reg" due to constant propagation. Old ram width 10 bits, new ram width 10 bits.
WARNING: [Synth 8-3936] Found unconnected internal register 'inst/addr_memY/data_out_reg' and it is trimmed from '11' to '10' bits. [e:/work/verilog/Project/verilog/Vivado/DarkEnHance/DarkEnhance/DarkEnhance.gen/sources_1/bd/DarkEnhance/ipshared/b667/src/addr_memory.v:33]
INFO: [Synth 8-5784] Optimized 0 bits of RAM "inst/addr_memY/mem_array_reg" due to constant propagation. Old ram width 10 bits, new ram width 10 bits.
---------------------------------------------------------------------------------
Finished Cross Boundary and Area Optimization : Time (s): cpu = 00:00:21 ; elapsed = 00:00:23 . Memory (MB): peak = 1300.934 ; gain = 671.730
---------------------------------------------------------------------------------
 Sort Area is  mul_B_reg_0 : 0 0 : 926 926 : Used 1 time 0
 Sort Area is  mul_G_reg_2 : 0 0 : 926 926 : Used 1 time 0
 Sort Area is  mul_R_reg_3 : 0 0 : 926 926 : Used 1 time 0
---------------------------------------------------------------------------------
Start ROM, RAM, DSP, Shift Register and Retiming Reporting
---------------------------------------------------------------------------------

ROM: Preliminary Mapping Report
+-------------+------------+---------------+----------------+
|Module Name  | RTL Object | Depth x Width | Implemented As | 
+-------------+------------+---------------+----------------+
|top_pipeline | t_ans      | 256x8         | LUT            | 
|top_pipeline | t_ans      | 256x8         | LUT            | 
+-------------+------------+---------------+----------------+


Block RAM: Preliminary Mapping Report (see note below)
+----------------------------+------------------------------+------------------------+---+---+------------------------+---+---+------------------+--------+--------+
|Module Name                 | RTL Object                   | PORT A (Depth x Width) | W | R | PORT B (Depth x Width) | W | R | Ports driving FF | RAMB18 | RAMB36 | 
+----------------------------+------------------------------+------------------------+---+---+------------------------+---+---+------------------+--------+--------+
|DarkEnhance_DarkEnhance_0_6 | inst/R_FIFO/mem_u0/mem_reg   | 509 x 8(READ_FIRST)    | W |   | 509 x 8(WRITE_FIRST)   |   | R | Port A and B     | 1      | 0      | 
|DarkEnhance_DarkEnhance_0_6 | inst/R_FIFO/mem_u1/mem_reg   | 509 x 8(READ_FIRST)    | W |   | 509 x 8(WRITE_FIRST)   |   | R | Port A and B     | 1      | 0      | 
|DarkEnhance_DarkEnhance_0_6 | inst/G_FIFO/mem_u0/mem_reg   | 509 x 8(READ_FIRST)    | W |   | 509 x 8(WRITE_FIRST)   |   | R | Port A and B     | 1      | 0      | 
|DarkEnhance_DarkEnhance_0_6 | inst/G_FIFO/mem_u1/mem_reg   | 509 x 8(READ_FIRST)    | W |   | 509 x 8(WRITE_FIRST)   |   | R | Port A and B     | 1      | 0      | 
|DarkEnhance_DarkEnhance_0_6 | inst/B_FIFO/mem_u0/mem_reg   | 509 x 8(READ_FIRST)    | W |   | 509 x 8(WRITE_FIRST)   |   | R | Port A and B     | 1      | 0      | 
|DarkEnhance_DarkEnhance_0_6 | inst/B_FIFO/mem_u1/mem_reg   | 509 x 8(READ_FIRST)    | W |   | 509 x 8(WRITE_FIRST)   |   | R | Port A and B     | 1      | 0      | 
|DarkEnhance_DarkEnhance_0_6 | inst/addr_memX/mem_array_reg | 1 K x 10(READ_FIRST)   | W |   | 1 K x 10(WRITE_FIRST)  |   | R | Port A and B     | 0      | 1      | 
|DarkEnhance_DarkEnhance_0_6 | inst/addr_memY/mem_array_reg | 1 K x 10(READ_FIRST)   | W |   | 1 K x 10(WRITE_FIRST)  |   | R | Port A and B     | 0      | 1      | 
+----------------------------+------------------------------+------------------------+---+---+------------------------+---+---+------------------+--------+--------+

Note: The table above is a preliminary report that shows the Block RAMs at the current stage of the synthesis flow. Some Block RAMs may be reimplemented as non Block RAM primitives later in the synthesis flow. Multiple instantiated Block RAMs are reported only once. 

DSP: Preliminary Mapping Report (see note below. The ' indicates corresponding REG is set)
+-------------+-------------+--------+--------+--------+--------+--------+------+------+------+------+-------+------+------+
|Module Name  | DSP Mapping | A Size | B Size | C Size | D Size | P Size | AREG | BREG | CREG | DREG | ADREG | MREG | PREG | 
+-------------+-------------+--------+--------+--------+--------+--------+------+------+------+------+-------+------+------+
|top_pipeline | (A2*B'')'   | 16     | 8      | -      | -      | 16     | 1    | 2    | -    | -    | -     | 1    | 0    | 
|top_pipeline | (A2*B'')'   | 16     | 8      | -      | -      | 16     | 1    | 2    | -    | -    | -     | 1    | 0    | 
|top_pipeline | (A2*B'')'   | 16     | 8      | -      | -      | 16     | 1    | 2    | -    | -    | -     | 1    | 0    | 
+-------------+-------------+--------+--------+--------+--------+--------+------+------+------+------+-------+------+------+

Note: The table above is a preliminary report that shows the DSPs inferred at the current stage of the synthesis flow. Some DSP may be reimplemented as non DSP primitives later in the synthesis flow. Multiple instantiated DSPs are reported only once.
---------------------------------------------------------------------------------
Finished ROM, RAM, DSP, Shift Register and Retiming Reporting
---------------------------------------------------------------------------------
---------------------------------------------------------------------------------
Start Applying XDC Timing Constraints
---------------------------------------------------------------------------------
---------------------------------------------------------------------------------
Finished Applying XDC Timing Constraints : Time (s): cpu = 00:00:30 ; elapsed = 00:00:32 . Memory (MB): peak = 1450.934 ; gain = 821.730
---------------------------------------------------------------------------------
---------------------------------------------------------------------------------
Start Timing Optimization
---------------------------------------------------------------------------------
---------------------------------------------------------------------------------
Finished Timing Optimization : Time (s): cpu = 00:00:30 ; elapsed = 00:00:33 . Memory (MB): peak = 1452.375 ; gain = 823.172
---------------------------------------------------------------------------------
---------------------------------------------------------------------------------
Start ROM, RAM, DSP, Shift Register and Retiming Reporting
---------------------------------------------------------------------------------

Block RAM: Final Mapping Report
+----------------------------+------------------------------+------------------------+---+---+------------------------+---+---+------------------+--------+--------+
|Module Name                 | RTL Object                   | PORT A (Depth x Width) | W | R | PORT B (Depth x Width) | W | R | Ports driving FF | RAMB18 | RAMB36 | 
+----------------------------+------------------------------+------------------------+---+---+------------------------+---+---+------------------+--------+--------+
|DarkEnhance_DarkEnhance_0_6 | inst/R_FIFO/mem_u0/mem_reg   | 509 x 8(READ_FIRST)    | W |   | 509 x 8(WRITE_FIRST)   |   | R | Port A and B     | 1      | 0      | 
|DarkEnhance_DarkEnhance_0_6 | inst/R_FIFO/mem_u1/mem_reg   | 509 x 8(READ_FIRST)    | W |   | 509 x 8(WRITE_FIRST)   |   | R | Port A and B     | 1      | 0      | 
|DarkEnhance_DarkEnhance_0_6 | inst/G_FIFO/mem_u0/mem_reg   | 509 x 8(READ_FIRST)    | W |   | 509 x 8(WRITE_FIRST)   |   | R | Port A and B     | 1      | 0      | 
|DarkEnhance_DarkEnhance_0_6 | inst/G_FIFO/mem_u1/mem_reg   | 509 x 8(READ_FIRST)    | W |   | 509 x 8(WRITE_FIRST)   |   | R | Port A and B     | 1      | 0      | 
|DarkEnhance_DarkEnhance_0_6 | inst/B_FIFO/mem_u0/mem_reg   | 509 x 8(READ_FIRST)    | W |   | 509 x 8(WRITE_FIRST)   |   | R | Port A and B     | 1      | 0      | 
|DarkEnhance_DarkEnhance_0_6 | inst/B_FIFO/mem_u1/mem_reg   | 509 x 8(READ_FIRST)    | W |   | 509 x 8(WRITE_FIRST)   |   | R | Port A and B     | 1      | 0      | 
|DarkEnhance_DarkEnhance_0_6 | inst/addr_memX/mem_array_reg | 1 K x 10(READ_FIRST)   | W |   | 1 K x 10(WRITE_FIRST)  |   | R | Port A and B     | 0      | 1      | 
|DarkEnhance_DarkEnhance_0_6 | inst/addr_memY/mem_array_reg | 1 K x 10(READ_FIRST)   | W |   | 1 K x 10(WRITE_FIRST)  |   | R | Port A and B     | 0      | 1      | 
+----------------------------+------------------------------+------------------------+---+---+------------------------+---+---+------------------+--------+--------+

---------------------------------------------------------------------------------
Finished ROM, RAM, DSP, Shift Register and Retiming Reporting
---------------------------------------------------------------------------------
---------------------------------------------------------------------------------
Start Technology Mapping
---------------------------------------------------------------------------------
INFO: [Synth 8-7052] The timing for the instance inst/addr_memX/mem_array_reg (implemented as a Block RAM) might be sub-optimal as no optional output register could be merged into the ram block. Providing additional output register may help in improving timing.
INFO: [Synth 8-7052] The timing for the instance inst/addr_memY/mem_array_reg (implemented as a Block RAM) might be sub-optimal as no optional output register could be merged into the ram block. Providing additional output register may help in improving timing.
---------------------------------------------------------------------------------
Finished Technology Mapping : Time (s): cpu = 00:00:30 ; elapsed = 00:00:33 . Memory (MB): peak = 1488.203 ; gain = 859.000
---------------------------------------------------------------------------------
---------------------------------------------------------------------------------
Start IO Insertion
---------------------------------------------------------------------------------
---------------------------------------------------------------------------------
Start Flattening Before IO Insertion
---------------------------------------------------------------------------------
---------------------------------------------------------------------------------
Finished Flattening Before IO Insertion
---------------------------------------------------------------------------------
---------------------------------------------------------------------------------
Start Final Netlist Cleanup
---------------------------------------------------------------------------------
---------------------------------------------------------------------------------
Finished Final Netlist Cleanup
---------------------------------------------------------------------------------
---------------------------------------------------------------------------------
Finished IO Insertion : Time (s): cpu = 00:00:34 ; elapsed = 00:00:37 . Memory (MB): peak = 1680.098 ; gain = 1050.895
---------------------------------------------------------------------------------
---------------------------------------------------------------------------------
Start Renaming Generated Instances
---------------------------------------------------------------------------------
---------------------------------------------------------------------------------
Finished Renaming Generated Instances : Time (s): cpu = 00:00:34 ; elapsed = 00:00:37 . Memory (MB): peak = 1680.098 ; gain = 1050.895
---------------------------------------------------------------------------------
---------------------------------------------------------------------------------
Start Rebuilding User Hierarchy
---------------------------------------------------------------------------------
---------------------------------------------------------------------------------
Finished Rebuilding User Hierarchy : Time (s): cpu = 00:00:34 ; elapsed = 00:00:37 . Memory (MB): peak = 1680.098 ; gain = 1050.895
---------------------------------------------------------------------------------
---------------------------------------------------------------------------------
Start Renaming Generated Ports
---------------------------------------------------------------------------------
---------------------------------------------------------------------------------
Finished Renaming Generated Ports : Time (s): cpu = 00:00:34 ; elapsed = 00:00:37 . Memory (MB): peak = 1680.098 ; gain = 1050.895
---------------------------------------------------------------------------------
---------------------------------------------------------------------------------
Start Handling Custom Attributes
---------------------------------------------------------------------------------
---------------------------------------------------------------------------------
Finished Handling Custom Attributes : Time (s): cpu = 00:00:34 ; elapsed = 00:00:37 . Memory (MB): peak = 1681.086 ; gain = 1051.883
---------------------------------------------------------------------------------
---------------------------------------------------------------------------------
Start Renaming Generated Nets
---------------------------------------------------------------------------------
---------------------------------------------------------------------------------
Finished Renaming Generated Nets : Time (s): cpu = 00:00:34 ; elapsed = 00:00:37 . Memory (MB): peak = 1681.086 ; gain = 1051.883
---------------------------------------------------------------------------------
---------------------------------------------------------------------------------
Start ROM, RAM, DSP, Shift Register and Retiming Reporting
---------------------------------------------------------------------------------

Static Shift Register Report:
+----------------------------+---------------------------+--------+-------+--------------+--------------------+-------------------+--------+---------+
|Module Name                 | RTL Name                  | Length | Width | Reset Signal | Pull out first Reg | Pull out last Reg | SRL16E | SRLC32E | 
+----------------------------+---------------------------+--------+-------+--------------+--------------------+-------------------+--------+---------+
|DarkEnhance_DarkEnhance_0_6 | inst/addrY_FIFO_reg[3][9] | 4      | 10    | YES          | NO                 | YES               | 10     | 0       | 
|DarkEnhance_DarkEnhance_0_6 | inst/addrX_FIFO_reg[3][9] | 4      | 10    | YES          | NO                 | YES               | 10     | 0       | 
+----------------------------+---------------------------+--------+-------+--------------+--------------------+-------------------+--------+---------+

---------------------------------------------------------------------------------
Finished ROM, RAM, DSP, Shift Register and Retiming Reporting
---------------------------------------------------------------------------------
---------------------------------------------------------------------------------
Start Writing Synthesis Report
---------------------------------------------------------------------------------

DSP Final Report (the ' indicates corresponding REG is set)
+-------------+-------------+--------+--------+--------+--------+--------+------+------+------+------+-------+------+------+
|Module Name  | DSP Mapping | A Size | B Size | C Size | D Size | P Size | AREG | BREG | CREG | DREG | ADREG | MREG | PREG | 
+-------------+-------------+--------+--------+--------+--------+--------+------+------+------+------+-------+------+------+
|top_pipeline | (A'*B'')'   | 8      | 8      | -      | -      | 16     | 1    | 2    | -    | -    | -     | 0    | 1    | 
|top_pipeline | (A'*B'')'   | 8      | 8      | -      | -      | 16     | 1    | 2    | -    | -    | -     | 0    | 1    | 
|top_pipeline | (A'*B'')'   | 8      | 8      | -      | -      | 16     | 1    | 2    | -    | -    | -     | 0    | 1    | 
+-------------+-------------+--------+--------+--------+--------+--------+------+------+------+------+-------+------+------+


Report BlackBoxes: 
+-+--------------+----------+
| |BlackBox name |Instances |
+-+--------------+----------+
+-+--------------+----------+

Report Cell Usage: 
+------+---------+------+
|      |Cell     |Count |
+------+---------+------+
|1     |CARRY4   |    52|
|2     |DSP48E1  |     3|
|3     |LUT1     |    11|
|4     |LUT2     |    60|
|5     |LUT3     |    84|
|6     |LUT4     |   261|
|7     |LUT5     |    63|
|8     |LUT6     |   278|
|9     |MUXF7    |     8|
|10    |MUXF8    |     4|
|11    |RAMB18E1 |     6|
|12    |RAMB36E1 |     2|
|13    |SRL16E   |    20|
|14    |FDRE     |   581|
|15    |FDSE     |     6|
+------+---------+------+
---------------------------------------------------------------------------------
Finished Writing Synthesis Report : Time (s): cpu = 00:00:34 ; elapsed = 00:00:37 . Memory (MB): peak = 1681.086 ; gain = 1051.883
---------------------------------------------------------------------------------
Synthesis finished with 0 errors, 0 critical warnings and 12 warnings.
Synthesis Optimization Runtime : Time (s): cpu = 00:00:25 ; elapsed = 00:00:35 . Memory (MB): peak = 1681.086 ; gain = 963.332
Synthesis Optimization Complete : Time (s): cpu = 00:00:34 ; elapsed = 00:00:37 . Memory (MB): peak = 1681.086 ; gain = 1051.883
INFO: [Project 1-571] Translating synthesized netlist
Netlist sorting complete. Time (s): cpu = 00:00:00 ; elapsed = 00:00:00.017 . Memory (MB): peak = 1681.086 ; gain = 0.000
INFO: [Netlist 29-17] Analyzing 75 Unisim elements for replacement
INFO: [Netlist 29-28] Unisim Transformation completed in 0 CPU seconds
INFO: [Project 1-570] Preparing netlist for logic optimization
INFO: [Opt 31-138] Pushed 0 inverter(s) to 0 load pin(s).
Netlist sorting complete. Time (s): cpu = 00:00:00 ; elapsed = 00:00:00.001 . Memory (MB): peak = 1682.551 ; gain = 0.000
INFO: [Project 1-111] Unisim Transformation Summary:
No Unisim elements were transformed.

Synth Design complete | Checksum: dd01e1e7
INFO: [Common 17-83] Releasing license: Synthesis
38 Infos, 23 Warnings, 0 Critical Warnings and 0 Errors encountered.
synth_design completed successfully
synth_design: Time (s): cpu = 00:00:39 ; elapsed = 00:00:44 . Memory (MB): peak = 1682.551 ; gain = 1297.535
Write ShapeDB Complete: Time (s): cpu = 00:00:00 ; elapsed = 00:00:00.004 . Memory (MB): peak = 1682.551 ; gain = 0.000
INFO: [Common 17-1381] The checkpoint 'E:/work/verilog/Project/verilog/Vivado/DarkEnHance/DarkEnhance/DarkEnhance.runs/DarkEnhance_DarkEnhance_0_6_synth_1/DarkEnhance_DarkEnhance_0_6.dcp' has been generated.
INFO: [Coretcl 2-1648] Added synthesis output to IP cache for IP DarkEnhance_DarkEnhance_0_6, cache-ID = 88c4d16a0b05f08a
INFO: [Coretcl 2-1174] Renamed 15 cell refs.
Write ShapeDB Complete: Time (s): cpu = 00:00:00 ; elapsed = 00:00:00.003 . Memory (MB): peak = 1682.551 ; gain = 0.000
INFO: [Common 17-1381] The checkpoint 'E:/work/verilog/Project/verilog/Vivado/DarkEnHance/DarkEnhance/DarkEnhance.runs/DarkEnhance_DarkEnhance_0_6_synth_1/DarkEnhance_DarkEnhance_0_6.dcp' has been generated.
INFO: [Vivado 12-24828] Executing command : report_utilization -file DarkEnhance_DarkEnhance_0_6_utilization_synth.rpt -pb DarkEnhance_DarkEnhance_0_6_utilization_synth.pb
INFO: [Common 17-206] Exiting Vivado at Thu Nov 27 21:19:51 2025...
