Vivado Simulator v2024.2.0
Copyright 1986-2022 Xilinx, Inc. All Rights Reserved.
Copyright 2022-2024 Advanced Micro Devices, Inc. All Rights Reserved.
Running: E:/software/AMD/Vivado/Vivado/2024.2/bin/unwrapped/win64.o/xelab.exe --incr --debug typical --relax --mt 2 -L xil_defaultlib -L xilinx_vip -L unisims_ver -L unimacro_ver -L secureip -L xpm --snapshot tb_top_pipeline_behav xil_defaultlib.tb_top_pipeline xil_defaultlib.glbl -log elaborate.log 
Using 2 slave threads.
Starting static elaboration
Pass Through NonSizing Optimizer
Completed static elaboration
Starting simulation data flow analysis
WARNING: [XSIM 43-4099] "E:/work/verilog/Project/verilog/Vivado/DarkEnHance/DarkEnhance/DarkEnhance.srcs/sources_1/imports/verilog/top_pipeline.v" Line 1. Module top_pipeline doesn't have a timescale but at least one module in design has a timescale.
WARNING: [XSIM 43-4099] "E:/work/verilog/Project/verilog/Vivado/DarkEnHance/DarkEnhance/DarkEnhance.srcs/sources_1/imports/verilog/FIFO.v" Line 1. Module FIFO doesn't have a timescale but at least one module in design has a timescale.
WARNING: [XSIM 43-4099] "E:/work/verilog/Project/verilog/Vivado/DarkEnHance/DarkEnhance/DarkEnhance.srcs/sources_1/imports/verilog/FIFO.v" Line 106. Module MEMORY doesn't have a timescale but at least one module in design has a timescale.
WARNING: [XSIM 43-4099] "E:/work/verilog/Project/verilog/Vivado/DarkEnHance/DarkEnhance/DarkEnhance.srcs/sources_1/imports/verilog/FIFO.v" Line 106. Module MEMORY doesn't have a timescale but at least one module in design has a timescale.
WARNING: [XSIM 43-4099] "E:/work/verilog/Project/verilog/Vivado/DarkEnHance/DarkEnhance/DarkEnhance.srcs/sources_1/imports/verilog/FIFO.v" Line 1. Module FIFO doesn't have a timescale but at least one module in design has a timescale.
WARNING: [XSIM 43-4099] "E:/work/verilog/Project/verilog/Vivado/DarkEnHance/DarkEnhance/DarkEnhance.srcs/sources_1/imports/verilog/FIFO.v" Line 106. Module MEMORY doesn't have a timescale but at least one module in design has a timescale.
WARNING: [XSIM 43-4099] "E:/work/verilog/Project/verilog/Vivado/DarkEnHance/DarkEnhance/DarkEnhance.srcs/sources_1/imports/verilog/FIFO.v" Line 106. Module MEMORY doesn't have a timescale but at least one module in design has a timescale.
WARNING: [XSIM 43-4099] "E:/work/verilog/Project/verilog/Vivado/DarkEnHance/DarkEnhance/DarkEnhance.srcs/sources_1/imports/verilog/FIFO.v" Line 1. Module FIFO doesn't have a timescale but at least one module in design has a timescale.
WARNING: [XSIM 43-4099] "E:/work/verilog/Project/verilog/Vivado/DarkEnHance/DarkEnhance/DarkEnhance.srcs/sources_1/imports/verilog/FIFO.v" Line 106. Module MEMORY doesn't have a timescale but at least one module in design has a timescale.
WARNING: [XSIM 43-4099] "E:/work/verilog/Project/verilog/Vivado/DarkEnHance/DarkEnhance/DarkEnhance.srcs/sources_1/imports/verilog/FIFO.v" Line 106. Module MEMORY doesn't have a timescale but at least one module in design has a timescale.
WARNING: [XSIM 43-4099] "E:/work/verilog/Project/verilog/Vivado/DarkEnHance/DarkEnhance/DarkEnhance.srcs/sources_1/imports/verilog/addr_memory.v" Line 1. Module addr_memory doesn't have a timescale but at least one module in design has a timescale.
WARNING: [XSIM 43-4099] "E:/work/verilog/Project/verilog/Vivado/DarkEnHance/DarkEnhance/DarkEnhance.srcs/sources_1/imports/verilog/addr_memory.v" Line 1. Module addr_memory doesn't have a timescale but at least one module in design has a timescale.
WARNING: [XSIM 43-4099] "E:/work/verilog/Project/verilog/Vivado/DarkEnHance/DarkEnhance/DarkEnhance.srcs/sources_1/imports/verilog/find_max.v" Line 1. Module find_max doesn't have a timescale but at least one module in design has a timescale.
WARNING: [XSIM 43-4099] "E:/work/verilog/Project/verilog/Vivado/DarkEnHance/DarkEnhance/DarkEnhance.srcs/sources_1/imports/verilog/find_max.v" Line 1. Module find_max doesn't have a timescale but at least one module in design has a timescale.
WARNING: [XSIM 43-4099] "E:/work/verilog/Project/verilog/Vivado/DarkEnHance/DarkEnhance/DarkEnhance.srcs/sources_1/imports/verilog/find_max.v" Line 1. Module find_max doesn't have a timescale but at least one module in design has a timescale.
WARNING: [XSIM 43-4099] "E:/work/verilog/Project/verilog/Vivado/DarkEnHance/DarkEnhance/DarkEnhance.srcs/sources_1/imports/verilog/top_pipeline.v" Line 1. Module top_pipeline doesn't have a timescale but at least one module in design has a timescale.
WARNING: [XSIM 43-4099] "E:/work/verilog/Project/verilog/Vivado/DarkEnHance/DarkEnhance/DarkEnhance.srcs/sources_1/imports/verilog/FIFO.v" Line 1. Module FIFO doesn't have a timescale but at least one module in design has a timescale.
WARNING: [XSIM 43-4099] "E:/work/verilog/Project/verilog/Vivado/DarkEnHance/DarkEnhance/DarkEnhance.srcs/sources_1/imports/verilog/FIFO.v" Line 106. Module MEMORY doesn't have a timescale but at least one module in design has a timescale.
WARNING: [XSIM 43-4099] "E:/work/verilog/Project/verilog/Vivado/DarkEnHance/DarkEnhance/DarkEnhance.srcs/sources_1/imports/verilog/FIFO.v" Line 106. Module MEMORY doesn't have a timescale but at least one module in design has a timescale.
WARNING: [XSIM 43-4099] "E:/work/verilog/Project/verilog/Vivado/DarkEnHance/DarkEnhance/DarkEnhance.srcs/sources_1/imports/verilog/FIFO.v" Line 1. Module FIFO doesn't have a timescale but at least one module in design has a timescale.
WARNING: [XSIM 43-4099] "E:/work/verilog/Project/verilog/Vivado/DarkEnHance/DarkEnhance/DarkEnhance.srcs/sources_1/imports/verilog/FIFO.v" Line 106. Module MEMORY doesn't have a timescale but at least one module in design has a timescale.
WARNING: [XSIM 43-4099] "E:/work/verilog/Project/verilog/Vivado/DarkEnHance/DarkEnhance/DarkEnhance.srcs/sources_1/imports/verilog/FIFO.v" Line 106. Module MEMORY doesn't have a timescale but at least one module in design has a timescale.
WARNING: [XSIM 43-4099] "E:/work/verilog/Project/verilog/Vivado/DarkEnHance/DarkEnhance/DarkEnhance.srcs/sources_1/imports/verilog/FIFO.v" Line 1. Module FIFO doesn't have a timescale but at least one module in design has a timescale.
WARNING: [XSIM 43-4099] "E:/work/verilog/Project/verilog/Vivado/DarkEnHance/DarkEnhance/DarkEnhance.srcs/sources_1/imports/verilog/FIFO.v" Line 106. Module MEMORY doesn't have a timescale but at least one module in design has a timescale.
WARNING: [XSIM 43-4099] "E:/work/verilog/Project/verilog/Vivado/DarkEnHance/DarkEnhance/DarkEnhance.srcs/sources_1/imports/verilog/FIFO.v" Line 106. Module MEMORY doesn't have a timescale but at least one module in design has a timescale.
WARNING: [XSIM 43-4099] "E:/work/verilog/Project/verilog/Vivado/DarkEnHance/DarkEnhance/DarkEnhance.srcs/sources_1/imports/verilog/addr_memory.v" Line 1. Module addr_memory doesn't have a timescale but at least one module in design has a timescale.
WARNING: [XSIM 43-4099] "E:/work/verilog/Project/verilog/Vivado/DarkEnHance/DarkEnhance/DarkEnhance.srcs/sources_1/imports/verilog/addr_memory.v" Line 1. Module addr_memory doesn't have a timescale but at least one module in design has a timescale.
WARNING: [XSIM 43-4099] "E:/work/verilog/Project/verilog/Vivado/DarkEnHance/DarkEnhance/DarkEnhance.srcs/sources_1/imports/verilog/find_max.v" Line 1. Module find_max doesn't have a timescale but at least one module in design has a timescale.
WARNING: [XSIM 43-4099] "E:/work/verilog/Project/verilog/Vivado/DarkEnHance/DarkEnhance/DarkEnhance.srcs/sources_1/imports/verilog/find_max.v" Line 1. Module find_max doesn't have a timescale but at least one module in design has a timescale.
WARNING: [XSIM 43-4099] "E:/work/verilog/Project/verilog/Vivado/DarkEnHance/DarkEnhance/DarkEnhance.srcs/sources_1/imports/verilog/find_max.v" Line 1. Module find_max doesn't have a timescale but at least one module in design has a timescale.
Completed simulation data flow analysis
Time Resolution for simulation is 1ps
Compiling module xil_defaultlib.MEMORY
Compiling module xil_defaultlib.FIFO
Compiling module xil_defaultlib.addr_memory
Compiling module xil_defaultlib.find_max
Compiling module xil_defaultlib.top_pipeline
Compiling module xil_defaultlib.tb_top_pipeline
Compiling module xil_defaultlib.glbl
Built simulation snapshot tb_top_pipeline_behav
