Time resolution is 1 ps
=== Simulation Start ===
Enable IP...
Time:             10465000 | Writing Addr:          0 | Data: ff000408
Time:             20465000 | Writing Addr:       4000 | Data: ff0007f0
Time:             30465000 | Writing Addr:       8000 | Data: ff000bd8
Time:             40465000 | Writing Addr:      12000 | Data: ff000fc0
Time:             50465000 | Writing Addr:      16000 | Data: ff0013a8
Time:             60465000 | Writing Addr:      20000 | Data: ff001790
Time:             70465000 | Writing Addr:      24000 | Data: ff001b78
Time:             80465000 | Writing Addr:      28000 | Data: ff001f60
Time:             90465000 | Writing Addr:      32000 | Data: ff002348
Time:            100465000 | Writing Addr:      36000 | Data: ff002730
Time:            110465000 | Writing Addr:      40000 | Data: ff002b18
Time:            120465000 | Writing Addr:      44000 | Data: ff002f00
Time:            130465000 | Writing Addr:      48000 | Data: ff0032e8
Time:            140465000 | Writing Addr:      52000 | Data: ff0036d0
Time:            150465000 | Writing Addr:      56000 | Data: ff003ab8
Time:            160465000 | Writing Addr:      60000 | Data: ff003ea0
Time:            170465000 | Writing Addr:      64000 | Data: ff004288
Time:            180465000 | Writing Addr:      68000 | Data: ff004670
Time:            190465000 | Writing Addr:      72000 | Data: ff004a58
Time:            200465000 | Writing Addr:      76000 | Data: ff004e40
Time:            210465000 | Writing Addr:      80000 | Data: ff005228
Time:            220465000 | Writing Addr:      84000 | Data: ff005610
Time:            230465000 | Writing Addr:      88000 | Data: ff0059f8
Time:            240465000 | Writing Addr:      92000 | Data: ff005de0
Time:            250465000 | Writing Addr:      96000 | Data: ff0061c8
Time:            260465000 | Writing Addr:     100000 | Data: ff0065b0
Time:            270465000 | Writing Addr:     104000 | Data: ff006998
Time:            280465000 | Writing Addr:     108000 | Data: ff006d80
Time:            290465000 | Writing Addr:     112000 | Data: ff007168
Time:            300465000 | Writing Addr:     116000 | Data: ff007550
Time:            310465000 | Writing Addr:     120000 | Data: ff007938
Time:            320465000 | Writing Addr:     124000 | Data: ff007d20
Time:            330465000 | Writing Addr:     128000 | Data: ffxxxxxx
Done signal received at time:            338145000
=== Checking Results ===
Output[0]     = ff000408
Output[100]   = ff00046c
Output[32767] = ffxxxxxx
SUCCESS: Data processed and written to BRAM!
$finish called at time : 338165 ns : File "E:/work/verilog/Project/verilog/Vivado/DarkEnHance/DarkEnhance/DarkEnhance.srcs/sim_1/imports/verilog/tb_top_pipeline.v" Line 147
